Microchip MPLAB XC8 Compiler V2.46

Linker command line:

-W-3 --edf=G:\C_Extention\pic\dat\20240104201356_en.msgs -cn \
  -h+dist/default/production\Interfacing.X.production.sym \
  --cmf=dist/default/production\Interfacing.X.production.cmf -z -Q18F4620 \
  -oC:\Users\peter\AppData\Local\Temp\xcAs8v8.\driver_tmp_3.o \
  --defsym=__MPLAB_BUILD=1 --fixupoverflow=error \
  -Mdist/default/production/Interfacing.X.production.map \
  --md=C:\Users\peter\AppData\Local\Temp\xcAs8v8.\driver_tmp_0.dat -E1 \
  -ver=XC8 Compiler --acfsm=1493 -ACODE=00h-0FFFFh -ACONST=00h-0FFFFh \
  -ASMALLCONST=01000h-010FFhx240 -AMEDIUMCONST=01000h-0FFFFh \
  -ACOMRAM=01h-07Fh -AABS1=00h-0F7Fh -ABIGRAM=01h-0F7Fh \
  -ARAM=080h-0FFh,0100h-01FFhx14,0F00h-0F7Fh -ABANK0=080h-0FFh \
  -ABANK1=0100h-01FFh -ABANK2=0200h-02FFh -ABANK3=0300h-03FFh \
  -ABANK4=0400h-04FFh -ABANK5=0500h-05FFh -ABANK6=0600h-06FFh \
  -ABANK7=0700h-07FFh -ABANK8=0800h-08FFh -ABANK9=0900h-09FFh \
  -ABANK10=0A00h-0AFFh -ABANK11=0B00h-0BFFh -ABANK12=0C00h-0CFFh \
  -ABANK13=0D00h-0DFFh -ABANK14=0E00h-0EFFh -ABANK15=0F00h-0F7Fh \
  -ASFR=0F80h-0FFFh -ABIGSFR=0F80h-0FFFh -ACONFIG=0300000h-030000Dh \
  -AIDLOC=0200000h-0200007h -AEEDATA=0F00000h-0F003FFh -peeprom_data=EEDATA \
  -preset_vec=00h,intcode=8h,intcodelo,powerup,init -pramtop=01000h \
  -psmallconst=SMALLCONST -pmediumconst=MEDIUMCONST -pconst=CONST \
  -AFARRAM=00h-00h \
  -prdata=COMRAM,nvrram=COMRAM,nvbit=COMRAM,rbss=COMRAM,rbit=COMRAM \
  -pfarbss=FARRAM,fardata=FARRAM,nvFARRAM=FARRAM \
  -pintsave_regs=BIGRAM,bigbss=BIGRAM,bigdata=BIGRAM -pbss=RAM \
  -pidata=CODE,irdata=CODE,ibigdata=CODE,ifardata=CODE -prparam=COMRAM \
  C:\Users\peter\AppData\Local\Temp\xcAs8v8.\driver_tmp_14.o \
  dist/default/production\Interfacing.X.production.o 

Object code version is 3.11

Machine type is 18F4620



                Name                               Link     Load   Length Selector   Space Scale
C:\Users\peter\AppData\Local\Temp\xcAs8v8.\driver_tmp_14.o
                config                           300000   300000        E        0       4
                init                                  E        E        4        4       0
                reset_vec                             0        0        4        0       0
dist/default/production\Interfacing.X.production.o
                intcode                               8        8        6        4       0
                config                           300000   300000        E        0       4
                temp                                 72       72        1        1       1
                smallconst                         1000     1000       28      800       0
                text39                             1980     1980       D0      814       0
                text38                             2004     2004       4A      814       0
                text37                             2250     2250       2E      814       0
                text36                             22FC     22FC        4     1172       0
                text35                             22F8     22F8        4     1172       0
                text34                             22F4     22F4        4     1172       0
                text33                             22F0     22F0        4     1172       0
                text32                             22EC     22EC        4     1172       0
                text31                             22E8     22E8        4     1172       0
                text30                             22E4     22E4        4     1172       0
                intcode_body                       11E8     11E8      1A6      814       0
                text28                             18A8     18A8       D8      814       0
                text27                             2180     2180       38      814       0
                text26                             227E     227E       22      814       0
                text25                             21EC     21EC       34      814       0
                text24                             2148     2148       38      814       0
                text23                             20D2     20D2       3E      814       0
                text22                             17B8     17B8       F0      814       0
                text21                             14A2     14A2      112      814       0
                text20                             15B4     15B4      110      814       0
                text19                             1EA2     1EA2       5E      814       0
                text18                             204E     204E       44      814       0
                text17                             1DD0     1DD0       70      814       0
                text16                             1F5C     1F5C       5C      814       0
                text15                             16C4     16C4       F4      814       0
                text14                             22BA     22BA       16      814       0
                text13                             2220     2220       30      814       0
                text12                             1A50     1A50       C4      814       0
                text11                             1BD0     1BD0       B0      814       0
                text10                             21B8     21B8       34      814       0
                text9                              2300     2300        2     1172       0
                text8                              1C80     1C80       AA      814       0
                text7                              1028     1028      1C0      814       0
                text6                              2092     2092       40      814       0
                text5                              2110     2110       38      814       0
                text4                              1FB8     1FB8       4C      814       0
                text3                              1F00     1F00       5C      814       0
                text2                              1D2A     1D2A       A6      814       0
                text1                              1B14     1B14       BC      814       0
                text0                              138E     138E      114      814       0
                cstackCOMRAM                          1        1       2C        1       1
                cstackBANK0                          CB       CB        D       80       1
                dataBANK0                            B8       B8       13       80       1
                bssBANK0                             80       80       38       80       1
                dataCOMRAM                           57       57       1A        1       1
                bssCOMRAM                            2D       2D       2A        1       1
                cinit                              1E40     1E40       62      814       0
                nvCOMRAM                             71       71        1        1       1
                idataBANK0                         22D0     22D0       13      814       0
                idataCOMRAM                        22A0     22A0       1A      814       0

TOTAL           Name                               Link     Load   Length     Space
        CLASS   CODE           
                intcode                               8        8        6         0
                init                                  E        E        4         0
                reset_vec                             0        0        4         0
                text39                             1980     1980       D0         0
                text38                             2004     2004       4A         0
                text37                             2250     2250       2E         0
                text36                             22FC     22FC        4         0
                text35                             22F8     22F8        4         0
                text34                             22F4     22F4        4         0
                text33                             22F0     22F0        4         0
                text32                             22EC     22EC        4         0
                text31                             22E8     22E8        4         0
                text30                             22E4     22E4        4         0
                intcode_body                       11E8     11E8      1A6         0
                text28                             18A8     18A8       D8         0
                text27                             2180     2180       38         0
                text26                             227E     227E       22         0
                text25                             21EC     21EC       34         0
                text24                             2148     2148       38         0
                text23                             20D2     20D2       3E         0
                text22                             17B8     17B8       F0         0
                text21                             14A2     14A2      112         0
                text20                             15B4     15B4      110         0
                text19                             1EA2     1EA2       5E         0
                text18                             204E     204E       44         0
                text17                             1DD0     1DD0       70         0
                text16                             1F5C     1F5C       5C         0
                text15                             16C4     16C4       F4         0
                text14                             22BA     22BA       16         0
                text13                             2220     2220       30         0
                text12                             1A50     1A50       C4         0
                text11                             1BD0     1BD0       B0         0
                text10                             21B8     21B8       34         0
                text9                              2300     2300        2         0
                text8                              1C80     1C80       AA         0
                text7                              1028     1028      1C0         0
                text6                              2092     2092       40         0
                text5                              2110     2110       38         0
                text4                              1FB8     1FB8       4C         0
                text3                              1F00     1F00       5C         0
                text2                              1D2A     1D2A       A6         0
                text1                              1B14     1B14       BC         0
                text0                              138E     138E      114         0
                cinit                              1E40     1E40       62         0
                idataBANK0                         22D0     22D0       13         0
                idataCOMRAM                        22A0     22A0       1A         0

        CLASS   CONST          

        CLASS   SMALLCONST     
                smallconst                         1000     1000       28         0

        CLASS   MEDIUMCONST    

        CLASS   COMRAM         
                temp                                 72       72        1         1
                cstackCOMRAM                          1        1       2C         1
                dataCOMRAM                           57       57       1A         1
                bssCOMRAM                            2D       2D       2A         1
                nvCOMRAM                             71       71        1         1

        CLASS   ABS1           

        CLASS   BIGRAM         

        CLASS   RAM            

        CLASS   BANK0          
                cstackBANK0                          CB       CB        D         1
                dataBANK0                            B8       B8       13         1
                bssBANK0                             80       80       38         1

        CLASS   BANK1          

        CLASS   BANK2          

        CLASS   BANK3          

        CLASS   BANK4          

        CLASS   BANK5          

        CLASS   BANK6          

        CLASS   BANK7          

        CLASS   BANK8          

        CLASS   BANK9          

        CLASS   BANK10         

        CLASS   BANK11         

        CLASS   BANK12         

        CLASS   BANK13         

        CLASS   BANK14         

        CLASS   BANK15         

        CLASS   SFR            

        CLASS   BIGSFR         

        CLASS   CONFIG         
                config                           300000   300000        E         4

        CLASS   IDLOC          

        CLASS   EEDATA         

        CLASS   FARRAM         

        CLASS   HEAP           

        CLASS   STACK          



SEGMENTS        Name                           Load    Length   Top    Selector   Space  Class

                reset_vec                      000000  000004  000004         0       0  CODE    
                cstackCOMRAM                   000001  000072  000073         1       1  COMRAM  
                intcode                        000008  00000A  000012         4       0  CODE    
                bssBANK0                       000080  000058  0000D8        80       1  BANK0   
                smallconst                     001000  000028  001028       800       0  SMALLCON
                text7                          001028  0012BB  0022E3       814       0  CODE    
                text30                         0022E4  00001E  002302      1172       0  CODE    


UNUSED ADDRESS RANGES

        Name                Unused          Largest block    Delta
        BANK0            0000D8-0000FF               28
        BANK1            000100-0001FF              100
        BANK10           000A00-000AFF              100
        BANK11           000B00-000BFF              100
        BANK12           000C00-000CFF              100
        BANK13           000D00-000DFF              100
        BANK14           000E00-000EFF              100
        BANK15           000F00-000F7F               80
        BANK2            000200-0002FF              100
        BANK3            000300-0003FF              100
        BANK4            000400-0004FF              100
        BANK5            000500-0005FF              100
        BANK6            000600-0006FF              100
        BANK7            000700-0007FF              100
        BANK8            000800-0008FF              100
        BANK9            000900-0009FF              100
        BIGRAM           000073-00007F                D
                         0000D8-000F7F              EA8
        BIGSFR           000F80-000FFF               80
        CODE             000004-000007                4
                         000012-000FFF              FEE
                         0022E3-0022E3                1
                         002302-00FFFF             DCFE
        COMRAM           000073-00007F                D
        CONST            000004-000007                4
                         000012-000FFF              FEE
                         0022E3-0022E3                1
                         002302-00FFFF             DCFE
        EEDATA           F00000-F003FF              400
        IDLOC            200000-200007                8
        MEDIUMCONST      0022E3-0022E3                1
                         002302-00FFFF             DCFE
        RAM              0000D8-000F7F              100
        SFR              000F80-000FFF               80
        SMALLCONST       0022E3-0022E3                1
                         002302-00FFFF              100

                                  Symbol Table

?___awdiv                                               cstackCOMRAM 00000C
?___awmod                                               cstackCOMRAM 00000C
?_abs                                                   cstackCOMRAM 000012
?_sprintf                                               cstackCOMRAM 000025
?_vfprintf                                              cstackCOMRAM 000021
ADC_Full_Conversion_Interrupt@adc_channel_select        cstackCOMRAM 000014
ADC_Full_Conversion_Interrupt@adc_config                cstackCOMRAM 000013
ADC_Full_Conversion_Interrupt@ret                       cstackCOMRAM 000015
ADC_Get_Conversion_Result@adc_config                    cstackCOMRAM 000001
ADC_Get_Conversion_Result@conversion_result             cstackCOMRAM 000002
ADC_Get_Conversion_Result@ret                           cstackCOMRAM 000007
ADC_Init@adc_config                                     cstackCOMRAM 00000F
ADC_Init@ret                                            cstackCOMRAM 000012
ADC_Input_Channel_Port_Configuration@adc_channel_select cstackCOMRAM 00000E
ADC_Result_Format_Configuration@adc_config              cstackCOMRAM 00000C
ADC_Select_Channel@adc_channel_select                   cstackCOMRAM 000010
ADC_Select_Channel@adc_config                           cstackCOMRAM 00000F
ADC_Select_Channel@ret                                  cstackCOMRAM 000012
ADC_Start_Conversion@adc_config                         cstackCOMRAM 00000C
ADC_Start_Conversion@ret                                cstackCOMRAM 00000D
ADC_Voltage_Reference_Configuration@adc_config          cstackCOMRAM 00000C
_ADCON0bits                                             (abs)        000FC2
_ADCON1bits                                             (abs)        000FC1
_ADCON2bits                                             (abs)        000FC0
_ADC_Full_Conversion_Interrupt                          text25       0021EC
_ADC_Get_Conversion_Result                              text39       001980
_ADC_ISR                                                text37       002250
_ADC_Init                                               text22       0017B8
_ADC_Input_Channel_Port_Configuration                   text28       0018A8
_ADC_InterruptHandler                                   bssCOMRAM    00003F
_ADC_Interrupt_function                                 text38       002004
_ADC_Result_Format_Configuration                        text24       002148
_ADC_Select_Channel                                     text27       002180
_ADC_Start_Conversion                                   text26       00227E
_ADC_Voltage_Reference_Configuration                    text23       0020D2
_ADRESH                                                 (abs)        000FC4
_ADRESL                                                 (abs)        000FC3
_EEADR                                                  (abs)        000FA9
_EEADRH                                                 (abs)        000FAA
_EECON1bits                                             (abs)        000FA6
_EECON2                                                 (abs)        000FA7
_EEDATA                                                 (abs)        000FA8
_INT0_ISR                                               text36       0022FC
_INT0_InterruptHandler                                  bssCOMRAM    00003D
_INT1_ISR                                               text35       0022F8
_INT1_InterruptHandler                                  bssCOMRAM    00003B
_INT2_ISR                                               text34       0022F4
_INT2_InterruptHandler                                  bssCOMRAM    000039
_INTCON2bits                                            (abs)        000FF1
_INTCON3bits                                            (abs)        000FF0
_INTCONbits                                             (abs)        000FF2
_IPR1bits                                               (abs)        000F9F
_Interrupt_Manager                                      intcode      000008
_LATA                                                   (abs)        000F89
_LATB                                                   (abs)        000F8A
_LATC                                                   (abs)        000F8B
_LATD                                                   (abs)        000F8C
_LATE                                                   (abs)        000F8D
_PIE1bits                                               (abs)        000F9D
_PIR1bits                                               (abs)        000F9E
_PORTA                                                  (abs)        000F80
_PORTB                                                  (abs)        000F81
_PORTBbits                                              (abs)        000F81
_PORTC                                                  (abs)        000F82
_PORTD                                                  (abs)        000F83
_PORTE                                                  (abs)        000F84
_RB4_ISR                                                text33       0022F0
_RB4_InterruptHandler                                   bssCOMRAM    000037
_RB5_ISR                                                text32       0022EC
_RB5_InterruptHandler                                   bssCOMRAM    000035
_RB6_ISR                                                text31       0022E8
_RB6_InterruptHandler                                   bssCOMRAM    000033
_RB7_ISR                                                text30       0022E4
_RB7_InterruptHandler                                   bssCOMRAM    000031
_TRISA                                                  (abs)        000F92
_TRISB                                                  (abs)        000F93
_TRISC                                                  (abs)        000F94
_TRISD                                                  (abs)        000F95
_TRISE                                                  (abs)        000F96
__HRAM                                                  (abs)        000000
__H__absolute__                                         __absolute__ 000000
__Habs1                                                 abs1         000000
__Hbank0                                                bank0        000000
__Hbank1                                                bank1        000000
__Hbank10                                               bank10       000000
__Hbank11                                               bank11       000000
__Hbank12                                               bank12       000000
__Hbank13                                               bank13       000000
__Hbank14                                               bank14       000000
__Hbank15                                               bank15       000000
__Hbank2                                                bank2        000000
__Hbank3                                                bank3        000000
__Hbank4                                                bank4        000000
__Hbank5                                                bank5        000000
__Hbank6                                                bank6        000000
__Hbank7                                                bank7        000000
__Hbank8                                                bank8        000000
__Hbank9                                                bank9        000000
__Hbigbss                                               bigbss       000000
__Hbigdata                                              bigdata      000000
__Hbigram                                               bigram       000000
__Hbigsfr                                               bigsfr       000000
__Hbss                                                  bss          000000
__HbssBANK0                                             bssBANK0     000000
__HbssCOMRAM                                            bssCOMRAM    000000
__Hcinit                                                cinit        000000
__Hclrtext                                              clrtext      000000
__Hcomram                                               comram       000000
__Hconfig                                               config       30000E
__Hconst                                                const        000000
__HcstackBANK0                                          cstackBANK0  000000
__HcstackCOMRAM                                         cstackCOMRAM 000000
__Hdata                                                 data         000000
__HdataBANK0                                            dataBANK0    000000
__HdataCOMRAM                                           dataCOMRAM   000000
__Heeprom_data                                          eeprom_data  000000
__Hfarbss                                               farbss       000000
__Hfardata                                              fardata      000000
__Hheap                                                 heap         000000
__Hibigdata                                             ibigdata     000000
__Hidata                                                idata        000000
__HidataBANK0                                           idataBANK0   000000
__HidataCOMRAM                                          idataCOMRAM  000000
__Hidloc                                                idloc        000000
__Hifardata                                             ifardata     000000
__Hinit                                                 init         000012
__Hintcode                                              intcode      00000E
__Hintcode_body                                         intcode_body 000000
__Hintcodelo                                            intcodelo    00000E
__Hintentry                                             intentry     000000
__Hintret                                               intret       000000
__Hintsave_regs                                         intsave_regs 000000
__Hirdata                                               irdata       000000
__Hmediumconst                                          mediumconst  000000
__HnvCOMRAM                                             nvCOMRAM     000000
__HnvFARRAM                                             nvFARRAM     000000
__Hnvbit                                                nvbit        000000
__Hnvrram                                               nvrram       000000
__Hparam                                                rparam       000000
__Hpowerup                                              powerup      00000E
__Hram                                                  ram          000000
__Hramtop                                               ramtop       001000
__Hrbit                                                 rbit         000000
__Hrbss                                                 rbss         000000
__Hrdata                                                rdata        000000
__Hreset_vec                                            reset_vec    000004
__Hrparam                                               rparam       000000
__Hsfr                                                  sfr          000000
__Hsivt_hi                                              sivt_hi      000000
__Hsivt_lo                                              sivt_lo      000000
__Hsmallconst                                           smallconst   001028
__Hspace_0                                              (abs)        002302
__Hspace_1                                              (abs)        0000D8
__Hspace_2                                              (abs)        000000
__Hspace_4                                              (abs)        60000E
__Hstack                                                stack        000000
__Hstruct                                               struct       000000
__Htemp                                                 temp         000073
__Htext                                                 text         000000
__Htext0                                                text0        000000
__Htext1                                                text1        000000
__Htext10                                               text10       000000
__Htext11                                               text11       000000
__Htext12                                               text12       000000
__Htext13                                               text13       000000
__Htext14                                               text14       000000
__Htext15                                               text15       000000
__Htext16                                               text16       000000
__Htext17                                               text17       000000
__Htext18                                               text18       000000
__Htext19                                               text19       000000
__Htext2                                                text2        000000
__Htext20                                               text20       000000
__Htext21                                               text21       000000
__Htext22                                               text22       000000
__Htext23                                               text23       000000
__Htext24                                               text24       000000
__Htext25                                               text25       000000
__Htext26                                               text26       000000
__Htext27                                               text27       000000
__Htext28                                               text28       000000
__Htext3                                                text3        000000
__Htext30                                               text30       000000
__Htext31                                               text31       000000
__Htext32                                               text32       000000
__Htext33                                               text33       000000
__Htext34                                               text34       000000
__Htext35                                               text35       000000
__Htext36                                               text36       000000
__Htext37                                               text37       000000
__Htext38                                               text38       000000
__Htext39                                               text39       000000
__Htext4                                                text4        000000
__Htext5                                                text5        000000
__Htext6                                                text6        000000
__Htext7                                                text7        000000
__Htext8                                                text8        000000
__Htext9                                                text9        000000
__LRAM                                                  (abs)        000001
__L__absolute__                                         __absolute__ 000000
__Labs1                                                 abs1         000000
__Lbank0                                                bank0        000000
__Lbank1                                                bank1        000000
__Lbank10                                               bank10       000000
__Lbank11                                               bank11       000000
__Lbank12                                               bank12       000000
__Lbank13                                               bank13       000000
__Lbank14                                               bank14       000000
__Lbank15                                               bank15       000000
__Lbank2                                                bank2        000000
__Lbank3                                                bank3        000000
__Lbank4                                                bank4        000000
__Lbank5                                                bank5        000000
__Lbank6                                                bank6        000000
__Lbank7                                                bank7        000000
__Lbank8                                                bank8        000000
__Lbank9                                                bank9        000000
__Lbigbss                                               bigbss       000000
__Lbigdata                                              bigdata      000000
__Lbigram                                               bigram       000000
__Lbigsfr                                               bigsfr       000000
__Lbss                                                  bss          000000
__LbssBANK0                                             bssBANK0     000000
__LbssCOMRAM                                            bssCOMRAM    000000
__Lcinit                                                cinit        000000
__Lclrtext                                              clrtext      000000
__Lcomram                                               comram       000000
__Lconfig                                               config       000000
__Lconst                                                const        000000
__LcstackBANK0                                          cstackBANK0  000000
__LcstackCOMRAM                                         cstackCOMRAM 000000
__Ldata                                                 data         000000
__LdataBANK0                                            dataBANK0    000000
__LdataCOMRAM                                           dataCOMRAM   000000
__Leeprom_data                                          eeprom_data  000000
__Lfarbss                                               farbss       000000
__Lfardata                                              fardata      000000
__Lheap                                                 heap         000000
__Libigdata                                             ibigdata     000000
__Lidata                                                idata        000000
__LidataBANK0                                           idataBANK0   000000
__LidataCOMRAM                                          idataCOMRAM  000000
__Lidloc                                                idloc        000000
__Lifardata                                             ifardata     000000
__Linit                                                 init         00000E
__Lintcode                                              intcode      000008
__Lintcode_body                                         intcode_body 000000
__Lintcodelo                                            intcodelo    00000E
__Lintentry                                             intentry     000000
__Lintret                                               intret       000000
__Lintsave_regs                                         intsave_regs 000000
__Lirdata                                               irdata       000000
__Lmediumconst                                          mediumconst  000000
__LnvCOMRAM                                             nvCOMRAM     000000
__LnvFARRAM                                             nvFARRAM     000000
__Lnvbit                                                nvbit        000000
__Lnvrram                                               nvrram       000000
__Lparam                                                rparam       000000
__Lpowerup                                              powerup      00000E
__Lram                                                  ram          000000
__Lramtop                                               ramtop       001000
__Lrbit                                                 rbit         000000
__Lrbss                                                 rbss         000000
__Lrdata                                                rdata        000000
__Lreset_vec                                            reset_vec    000000
__Lrparam                                               rparam       000000
__Lsfr                                                  sfr          000000
__Lsivt_hi                                              sivt_hi      000000
__Lsivt_lo                                              sivt_lo      000000
__Lsmallconst                                           smallconst   001000
__Lspace_0                                              (abs)        000000
__Lspace_1                                              (abs)        000000
__Lspace_2                                              (abs)        000000
__Lspace_4                                              (abs)        000000
__Lstack                                                stack        000000
__Lstruct                                               struct       000000
__Ltemp                                                 temp         000072
__Ltext                                                 text         000000
__Ltext0                                                text0        000000
__Ltext1                                                text1        000000
__Ltext10                                               text10       000000
__Ltext11                                               text11       000000
__Ltext12                                               text12       000000
__Ltext13                                               text13       000000
__Ltext14                                               text14       000000
__Ltext15                                               text15       000000
__Ltext16                                               text16       000000
__Ltext17                                               text17       000000
__Ltext18                                               text18       000000
__Ltext19                                               text19       000000
__Ltext2                                                text2        000000
__Ltext20                                               text20       000000
__Ltext21                                               text21       000000
__Ltext22                                               text22       000000
__Ltext23                                               text23       000000
__Ltext24                                               text24       000000
__Ltext25                                               text25       000000
__Ltext26                                               text26       000000
__Ltext27                                               text27       000000
__Ltext28                                               text28       000000
__Ltext3                                                text3        000000
__Ltext30                                               text30       000000
__Ltext31                                               text31       000000
__Ltext32                                               text32       000000
__Ltext33                                               text33       000000
__Ltext34                                               text34       000000
__Ltext35                                               text35       000000
__Ltext36                                               text36       000000
__Ltext37                                               text37       000000
__Ltext38                                               text38       000000
__Ltext39                                               text39       000000
__Ltext4                                                text4        000000
__Ltext5                                                text5        000000
__Ltext6                                                text6        000000
__Ltext7                                                text7        000000
__Ltext8                                                text8        000000
__Ltext9                                                text9        000000
__S0                                                    (abs)        002302
__S1                                                    (abs)        0000D8
__S4                                                    (abs)        000000
__S5                                                    (abs)        000000
___awdiv                                                text12       001A50
___awdiv@counter                                        cstackCOMRAM 000010
___awdiv@dividend                                       cstackCOMRAM 00000C
___awdiv@divisor                                        cstackCOMRAM 00000E
___awdiv@quotient                                       cstackCOMRAM 000012
___awdiv@sign                                           cstackCOMRAM 000011
___awmod                                                text11       001BD0
___awmod@counter                                        cstackCOMRAM 000010
___awmod@dividend                                       cstackCOMRAM 00000C
___awmod@divisor                                        cstackCOMRAM 00000E
___awmod@sign                                           cstackCOMRAM 000011
___heap_hi                                              (abs)        000000
___heap_lo                                              (abs)        000000
___inthi_sp                                             stack        000000
___inthi_stack_hi                                       stack        000000
___inthi_stack_lo                                       stack        000000
___intlo_sp                                             stack        000000
___intlo_stack_hi                                       stack        000000
___intlo_stack_lo                                       stack        000000
___param_bank                                           (abs)        000000
___rparam_used                                          (abs)        000001
___sp                                                   stack        000000
___stack_hi                                             stack        000000
___stack_lo                                             stack        000000
__accesstop                                             (abs)        000080
__activetblptr                                          (abs)        000003
__end_of_ADC_Full_Conversion_Interrupt                  text25       002220
__end_of_ADC_Get_Conversion_Result                      text39       001A50
__end_of_ADC_ISR                                        text37       00227E
__end_of_ADC_Init                                       text22       0018A8
__end_of_ADC_Input_Channel_Port_Configuration           text28       001980
__end_of_ADC_Interrupt_function                         text38       00204E
__end_of_ADC_Result_Format_Configuration                text24       002180
__end_of_ADC_Select_Channel                             text27       0021B8
__end_of_ADC_Start_Conversion                           text26       0022A0
__end_of_ADC_Voltage_Reference_Configuration            text23       002110
__end_of_INT0_ISR                                       text36       002300
__end_of_INT1_ISR                                       text35       0022FC
__end_of_INT2_ISR                                       text34       0022F8
__end_of_Interrupt_Manager                              intcode_body 00138E
__end_of_RB4_ISR                                        text33       0022F4
__end_of_RB5_ISR                                        text32       0022F0
__end_of_RB6_ISR                                        text31       0022EC
__end_of_RB7_ISR                                        text30       0022E8
__end_of___awdiv                                        text12       001B14
__end_of___awmod                                        text11       001C80
__end_of__initialization                                cinit        001E98
__end_of_abs                                            text10       0021EC
__end_of_application_initializ                          text14       0022D0
__end_of_convert_uint16_to_string                       text4        002004
__end_of_fputc                                          text8        001D2A
__end_of_gpio_pin_Initialization                        text19       001F00
__end_of_gpio_pin_direction_init                        text21       0015B4
__end_of_gpio_pin_write_logic                           text20       0016C4
__end_of_keypad_sampels                                 smallconst   001011
__end_of_lcd_4bit_init                                  text15       0017B8
__end_of_lcd_4bit_send_command                          text16       001FB8
__end_of_lcd_4bit_send_data                             text3        001F5C
__end_of_lcd_4bit_send_string_pos                       text1        001BD0
__end_of_lcd_4bit_set_cursor                            text2        001DD0
__end_of_lcd_send_4bit_enable_signal                    text18       002092
__end_of_lcd_send_4bits                                 text17       001E40
__end_of_main                                           text0        0014A2
__end_of_memset                                         text13       002250
__end_of_putch                                          text9        002302
__end_of_sprintf                                        text5        002148
__end_of_vfpfcnvrt                                      text7        0011E8
__end_of_vfprintf                                       text6        0020D2
__initialization                                        cinit        001E40
__mediumconst                                           mediumconst  000000
__pbssBANK0                                             bssBANK0     000080
__pbssCOMRAM                                            bssCOMRAM    00002D
__pcinit                                                cinit        001E40
__pcstackBANK0                                          cstackBANK0  0000CB
__pcstackCOMRAM                                         cstackCOMRAM 000001
__pdataBANK0                                            dataBANK0    0000B8
__pdataCOMRAM                                           dataCOMRAM   000057
__pidataBANK0                                           idataBANK0   0022D0
__pidataCOMRAM                                          idataCOMRAM  0022A0
__pintcode                                              intcode      000008
__pintcode_body                                         intcode_body 0011E8
__pnvCOMRAM                                             nvCOMRAM     000071
__psmallconst                                           smallconst   001000
__ptext0                                                text0        00138E
__ptext1                                                text1        001B14
__ptext10                                               text10       0021B8
__ptext11                                               text11       001BD0
__ptext12                                               text12       001A50
__ptext13                                               text13       002220
__ptext14                                               text14       0022BA
__ptext15                                               text15       0016C4
__ptext16                                               text16       001F5C
__ptext17                                               text17       001DD0
__ptext18                                               text18       00204E
__ptext19                                               text19       001EA2
__ptext2                                                text2        001D2A
__ptext20                                               text20       0015B4
__ptext21                                               text21       0014A2
__ptext22                                               text22       0017B8
__ptext23                                               text23       0020D2
__ptext24                                               text24       002148
__ptext25                                               text25       0021EC
__ptext26                                               text26       00227E
__ptext27                                               text27       002180
__ptext28                                               text28       0018A8
__ptext3                                                text3        001F00
__ptext30                                               text30       0022E4
__ptext31                                               text31       0022E8
__ptext32                                               text32       0022EC
__ptext33                                               text33       0022F0
__ptext34                                               text34       0022F4
__ptext35                                               text35       0022F8
__ptext36                                               text36       0022FC
__ptext37                                               text37       002250
__ptext38                                               text38       002004
__ptext39                                               text39       001980
__ptext4                                                text4        001FB8
__ptext5                                                text5        002110
__ptext6                                                text6        002092
__ptext7                                                text7        001028
__ptext8                                                text8        001C80
__ptext9                                                text9        002300
__ramtop                                                ramtop       001000
__smallconst                                            smallconst   001000
_abs                                                    text10       0021B8
_adc1                                                   dataBANK0    0000C2
_application_initializ                                  text14       0022BA
_convert_uint16_to_string                               text4        001FB8
_dbuf                                                   bssBANK0     000080
_flag                                                   bssCOMRAM    000042
_flags                                                  bssCOMRAM    000041
_fputc                                                  text8        001C80
_gpio_pin_Initialization                                text19       001EA2
_gpio_pin_direction_init                                text21       0014A2
_gpio_pin_write_logic                                   text20       0015B4
_keypad_sampels                                         smallconst   001001
_lat_registers                                          dataCOMRAM   000057
_lcd_1                                                  dataCOMRAM   00006B
_lcd_4bit_init                                          text15       0016C4
_lcd_4bit_send_command                                  text16       001F5C
_lcd_4bit_send_data                                     text3        001F00
_lcd_4bit_send_string_pos                               text1        001B14
_lcd_4bit_set_cursor                                    text2        001D2A
_lcd_send_4bit_enable_signal                            text18       00204E
_lcd_send_4bits                                         text17       001DD0
_main                                                   text0        00138E
_memset                                                 text13       002220
_port_registers                                         dataBANK0    0000B8
_prec                                                   bssCOMRAM    00002F
_putch                                                  text9        002300
_res_1                                                  bssCOMRAM    000055
_res_2                                                  bssCOMRAM    000053
_result_1                                               bssBANK0     0000AC
_result_2                                               bssBANK0     0000A0
_ret                                                    nvCOMRAM     000071
_sprintf                                                text5        002110
_tris_registers                                         dataCOMRAM   000061
_vfpfcnvrt                                              text7        001028
_vfprintf                                               text6        002092
_width                                                  bssCOMRAM    00002D
abs@a                                                   cstackCOMRAM 000012
btemp                                                   temp         000072
convert_uint16_to_string@ret                            cstackCOMRAM 00002C
convert_uint16_to_string@str                            cstackCOMRAM 00002B
convert_uint16_to_string@value                          cstackCOMRAM 000029
ecu_dc_motor_initializ@F3064                            bssCOMRAM    000052
ecu_dc_motor_initializ@F3066                            bssCOMRAM    000051
ecu_dc_motor_move_left@F3078                            bssCOMRAM    00004E
ecu_dc_motor_move_left@F3080                            bssCOMRAM    00004D
ecu_dc_motor_move_right@F3071                           bssCOMRAM    000050
ecu_dc_motor_move_right@F3073                           bssCOMRAM    00004F
ecu_dc_motor_stop@F3085                                 bssCOMRAM    00004C
ecu_dc_motor_stop@F3087                                 bssCOMRAM    00004B
ecu_led_initializ@F3061                                 bssCOMRAM    00004A
ecu_led_toggle@F3076                                    bssCOMRAM    000047
ecu_led_turn_off@F3071                                  bssCOMRAM    000048
ecu_led_turn_on@F3066                                   bssCOMRAM    000049
ecu_relay_initializ@F3061                               bssCOMRAM    000046
ecu_relay_toggle@F3076                                  bssCOMRAM    000043
ecu_relay_turn_off@F3071                                bssCOMRAM    000044
ecu_relay_turn_on@F3066                                 bssCOMRAM    000045
end_of_initialization                                   cinit        001E98
fputc@c                                                 cstackCOMRAM 00000C
fputc@fp                                                cstackCOMRAM 00000E
gpio_pin_Initialization@_pin_config                     cstackCOMRAM 000014
gpio_pin_Initialization@ret                             cstackCOMRAM 000016
gpio_pin_direction_init@_pin_config                     cstackCOMRAM 00000C
gpio_pin_direction_init@ret                             cstackCOMRAM 000012
gpio_pin_write_logic@_pin_config                        cstackCOMRAM 00000C
gpio_pin_write_logic@logic                              cstackCOMRAM 00000D
gpio_pin_write_logic@ret                                cstackCOMRAM 000013
int$flags                                               temp         000072
int_func                                                intcode_body 0011E8
intlevel0                                               text         000000
intlevel1                                               text         000000
intlevel2                                               text         000000
intlevel3                                               text         000000
isa$std                                                 (abs)        000001
isa$xinst                                               (abs)        000000
lcd_4bit_init@i                                         cstackCOMRAM 000020
lcd_4bit_init@lcd                                       cstackCOMRAM 00001E
lcd_4bit_init@ret                                       cstackCOMRAM 000022
lcd_4bit_send_command@command                           cstackCOMRAM 00001C
lcd_4bit_send_command@lcd                               cstackCOMRAM 00001B
lcd_4bit_send_command@ret                               cstackCOMRAM 00001D
lcd_4bit_send_data@data                                 cstackCOMRAM 00001C
lcd_4bit_send_data@lcd                                  cstackCOMRAM 00001B
lcd_4bit_send_data@ret                                  cstackCOMRAM 00001D
lcd_4bit_send_string_pos@colum                          cstackCOMRAM 000024
lcd_4bit_send_string_pos@lcd                            cstackCOMRAM 000022
lcd_4bit_send_string_pos@ret                            cstackCOMRAM 000027
lcd_4bit_send_string_pos@row                            cstackCOMRAM 000023
lcd_4bit_send_string_pos@str                            cstackCOMRAM 000025
lcd_4bit_set_cursor@colum                               cstackCOMRAM 000020
lcd_4bit_set_cursor@lcd                                 cstackCOMRAM 00001E
lcd_4bit_set_cursor@ret                                 cstackCOMRAM 000021
lcd_4bit_set_cursor@row                                 cstackCOMRAM 00001F
lcd_send_4bit_enable_signal@lcd                         cstackCOMRAM 000014
lcd_send_4bit_enable_signal@ret                         cstackCOMRAM 000016
lcd_send_4bits@data_command                             cstackCOMRAM 000015
lcd_send_4bits@i                                        cstackCOMRAM 000019
lcd_send_4bits@lcd                                      cstackCOMRAM 000014
lcd_send_4bits@ret                                      cstackCOMRAM 000018
memset@c                                                cstackCOMRAM 00000D
memset@dest                                             cstackCOMRAM 00000C
memset@n                                                cstackCOMRAM 00000F
memset@p                                                cstackCOMRAM 000011
sprintf@ap                                              cstackBANK0  0000CB
sprintf@f                                               cstackBANK0  0000CC
sprintf@fmt                                             cstackCOMRAM 000026
sprintf@s                                               cstackCOMRAM 000025
stackhi                                                 (abs)        000000
stacklo                                                 (abs)        000000
start                                                   init         00000E
start_initialization                                    cinit        001E40
ttemp5                                                  temp         000073
ttemp6                                                  temp         000076
ttemp7                                                  temp         00007A
vfpfcnvrt@ap                                            cstackCOMRAM 000018
vfpfcnvrt@c                                             cstackCOMRAM 000020
vfpfcnvrt@convarg                                       cstackCOMRAM 00001C
vfpfcnvrt@cp                                            cstackCOMRAM 00001B
vfpfcnvrt@done                                          cstackCOMRAM 00001A
vfpfcnvrt@fmt                                           cstackCOMRAM 000017
vfpfcnvrt@fp                                            cstackCOMRAM 000016
vfprintf@ap                                             cstackCOMRAM 000023
vfprintf@cfmt                                           cstackCOMRAM 000024
vfprintf@fmt                                            cstackCOMRAM 000022
vfprintf@fp                                             cstackCOMRAM 000021
wtemp8                                                  temp         000073


MODULE INFORMATION

Module		Function		Class		Link	Load	Size
G:\C_Extention\pic\sources\c99\common\awdiv.c
		___awdiv       		CODE           	1A50	0000	196

G:\C_Extention\pic\sources\c99\common\awdiv.c estimated size: 196

MCAL_layer/Interrupt/external_interrupt.c
		_RB4_ISR       		CODE           	22F0	0000	4
		_RB5_ISR       		CODE           	22EC	0000	4
		_RB6_ISR       		CODE           	22E8	0000	4
		_RB7_ISR       		CODE           	22E4	0000	4
		_INT0_ISR      		CODE           	22FC	0000	4
		_INT1_ISR      		CODE           	22F8	0000	4
		_INT2_ISR      		CODE           	22F4	0000	4

MCAL_layer/Interrupt/external_interrupt.c estimated size: 28

MCAL_layer/Interrupt/interrupt_manager.c
		_Interrupt_Manager		CODE           	0008	0000	428

MCAL_layer/Interrupt/interrupt_manager.c estimated size: 428

G:\C_Extention\pic\sources\c99\common\memset.c
		_memset        		CODE           	2220	0000	48

G:\C_Extention\pic\sources\c99\common\memset.c estimated size: 48

G:\C_Extention\pic\sources\c99\common\doprnt.c
		_vfpfcnvrt     		CODE           	1028	0000	448
		_vfprintf      		CODE           	2092	0000	64

G:\C_Extention\pic\sources\c99\common\doprnt.c estimated size: 512

G:\C_Extention\pic\sources\c99\common\abs.c
		_abs           		CODE           	21B8	0000	52

G:\C_Extention\pic\sources\c99\common\abs.c estimated size: 52

ECU_layer/lcd/lcd.c
		_lcd_4bit_send_data		CODE           	1F00	0000	92
		_lcd_4bit_send_command		CODE           	1F5C	0000	92
		_lcd_4bit_send_string_pos		CODE           	1B14	0000	188
		_lcd_send_4bits		CODE           	1DD0	0000	112
		_convert_uint16_to_string		CODE           	1FB8	0000	76
		_lcd_4bit_set_cursor		CODE           	1D2A	0000	166
		_lcd_send_4bit_enable_signal		CODE           	204E	0000	68
		_lcd_4bit_init 		CODE           	16C4	0000	244

ECU_layer/lcd/lcd.c estimated size: 1038

G:\C_Extention\pic\sources\c99\common\nf_sprintf.c
		_sprintf       		CODE           	2110	0000	56

G:\C_Extention\pic\sources\c99\common\nf_sprintf.c estimated size: 56

shared
		__initialization		CODE           	1E40	0000	88
		_keypad_sampels		SMALLCONST     	1001	0000	16

shared estimated size: 104

G:\C_Extention\pic\sources\c99\common\awmod.c
		___awmod       		CODE           	1BD0	0000	176

G:\C_Extention\pic\sources\c99\common\awmod.c estimated size: 176

G:\C_Extention\pic\sources\c99\common\putch.c
		_putch         		CODE           	2300	0000	2

G:\C_Extention\pic\sources\c99\common\putch.c estimated size: 2

MCAL_layer/GPIO/gpio.c
		_gpio_pin_write_logic		CODE           	15B4	0000	272
		_gpio_pin_direction_init		CODE           	14A2	0000	274
		_gpio_pin_Initialization		CODE           	1EA2	0000	94

MCAL_layer/GPIO/gpio.c estimated size: 640

G:\C_Extention\pic\sources\c99\common\nf_fputc.c
		_fputc         		CODE           	1C80	0000	170

G:\C_Extention\pic\sources\c99\common\nf_fputc.c estimated size: 170

application.c
		_main          		CODE           	138E	0000	276
		_application_initializ		CODE           	22BA	0000	22
		_ADC_Interrupt_function		CODE           	2004	0000	74

application.c estimated size: 372

MCAL_layer/ADC/adc.c
		_ADC_Start_Conversion		CODE           	227E	0000	34
		_ADC_Select_Channel		CODE           	2180	0000	56
		_ADC_Get_Conversion_Result		CODE           	1980	0000	208
		_ADC_Input_Channel_Port_Configuration		CODE           	18A8	0000	216
		_ADC_ISR       		CODE           	2250	0000	46
		_ADC_Full_Conversion_Interrupt		CODE           	21EC	0000	52
		_ADC_Voltage_Reference_Configuration		CODE           	20D2	0000	62
		_ADC_Result_Format_Configuration		CODE           	2148	0000	56
		_ADC_Init      		CODE           	17B8	0000	240

MCAL_layer/ADC/adc.c estimated size: 970

