Microchip MPLAB XC8 Compiler V2.46

Linker command line:

-W-3 --edf=G:\C_Extention\pic\dat\20240104201356_en.msgs -cn \
  -h+dist/default/production\Interfacing.X.production.sym \
  --cmf=dist/default/production\Interfacing.X.production.cmf -z -Q18F4620 \
  -oC:\Users\peter\AppData\Local\Temp\xcAs5eo.\driver_tmp_3.o \
  --defsym=__MPLAB_BUILD=1 --fixupoverflow=error \
  -Mdist/default/production/Interfacing.X.production.map \
  --md=C:\Users\peter\AppData\Local\Temp\xcAs5eo.\driver_tmp_0.dat -E1 \
  -ver=XC8 Compiler --acfsm=1493 -ACODE=00h-0FFFFh -ACONST=00h-0FFFFh \
  -ASMALLCONST=01000h-010FFhx240 -AMEDIUMCONST=01000h-0FFFFh \
  -ACOMRAM=01h-07Fh -AABS1=00h-0F7Fh -ABIGRAM=01h-0F7Fh \
  -ARAM=080h-0FFh,0100h-01FFhx14,0F00h-0F7Fh -ABANK0=080h-0FFh \
  -ABANK1=0100h-01FFh -ABANK2=0200h-02FFh -ABANK3=0300h-03FFh \
  -ABANK4=0400h-04FFh -ABANK5=0500h-05FFh -ABANK6=0600h-06FFh \
  -ABANK7=0700h-07FFh -ABANK8=0800h-08FFh -ABANK9=0900h-09FFh \
  -ABANK10=0A00h-0AFFh -ABANK11=0B00h-0BFFh -ABANK12=0C00h-0CFFh \
  -ABANK13=0D00h-0DFFh -ABANK14=0E00h-0EFFh -ABANK15=0F00h-0F7Fh \
  -ASFR=0F80h-0FFFh -ABIGSFR=0F80h-0FFFh -ACONFIG=0300000h-030000Dh \
  -AIDLOC=0200000h-0200007h -AEEDATA=0F00000h-0F003FFh -peeprom_data=EEDATA \
  -preset_vec=00h,intcode=8h,intcodelo,powerup,init -pramtop=01000h \
  -psmallconst=SMALLCONST -pmediumconst=MEDIUMCONST -pconst=CONST \
  -AFARRAM=00h-00h \
  -prdata=COMRAM,nvrram=COMRAM,nvbit=COMRAM,rbss=COMRAM,rbit=COMRAM \
  -pfarbss=FARRAM,fardata=FARRAM,nvFARRAM=FARRAM \
  -pintsave_regs=BIGRAM,bigbss=BIGRAM,bigdata=BIGRAM -pbss=RAM \
  -pidata=CODE,irdata=CODE,ibigdata=CODE,ifardata=CODE -prparam=COMRAM \
  C:\Users\peter\AppData\Local\Temp\xcAs5eo.\driver_tmp_9.o \
  dist/default/production\Interfacing.X.production.o 

Object code version is 3.11

Machine type is 18F4620



                Name                               Link     Load   Length Selector   Space Scale
C:\Users\peter\AppData\Local\Temp\xcAs5eo.\driver_tmp_9.o
                config                           300000   300000        E        0       4
                init                                  E        E        4        4       0
                reset_vec                             0        0        4        0       0
dist/default/production\Interfacing.X.production.o
                intcode                               8        8        6        4       0
                config                           300000   300000        E        0       4
                temp                                 57       57        1        1       1
                smallconst                         1000     1000       16      800       0
                text20                             1942     1942        4      C95       0
                text19                             193E     193E        4      C95       0
                text18                             193A     193A        4      C95       0
                text17                             1936     1936        4      C95       0
                text16                             1932     1932        4      C95       0
                text15                             192E     192E        4      C95       0
                text14                             192A     192A        4      C95       0
                intcode_body                       1016     1016      166      80B       0
                text12                             1826     1826       46      80B       0
                text11                             186C     186C       3E      80B       0
                text10                             117C     117C      112      80B       0
                text9                              18E0     18E0       26      80B       0
                text8                              128E     128E      110      80B       0
                text7                              17C8     17C8       5E      80B       0
                text6                              1686     1686       6E      80B       0
                text5                              175E     175E       6A      80B       0
                text4                              16F4     16F4       6A      80B       0
                text3                              15F0     15F0       96      80B       0
                text2                              154C     154C       A4      80B       0
                text1                              149A     149A       B2      80B       0
                text0                              139E     139E       FC      80B       0
                cstackCOMRAM                         46       46        F        1       1
                dataCOMRAM                            1        1       23        1       1
                bssCOMRAM                            24       24       22        1       1
                cinit                              18AA     18AA       36      80B       0
                nvCOMRAM                             55       55        2        1       1
                idataCOMRAM                        1906     1906       23      80B       0

TOTAL           Name                               Link     Load   Length     Space
        CLASS   CODE           
                intcode                               8        8        6         0
                init                                  E        E        4         0
                reset_vec                             0        0        4         0
                text20                             1942     1942        4         0
                text19                             193E     193E        4         0
                text18                             193A     193A        4         0
                text17                             1936     1936        4         0
                text16                             1932     1932        4         0
                text15                             192E     192E        4         0
                text14                             192A     192A        4         0
                intcode_body                       1016     1016      166         0
                text12                             1826     1826       46         0
                text11                             186C     186C       3E         0
                text10                             117C     117C      112         0
                text9                              18E0     18E0       26         0
                text8                              128E     128E      110         0
                text7                              17C8     17C8       5E         0
                text6                              1686     1686       6E         0
                text5                              175E     175E       6A         0
                text4                              16F4     16F4       6A         0
                text3                              15F0     15F0       96         0
                text2                              154C     154C       A4         0
                text1                              149A     149A       B2         0
                text0                              139E     139E       FC         0
                cinit                              18AA     18AA       36         0
                idataCOMRAM                        1906     1906       23         0

        CLASS   CONST          

        CLASS   SMALLCONST     
                smallconst                         1000     1000       16         0

        CLASS   MEDIUMCONST    

        CLASS   COMRAM         
                temp                                 57       57        1         1
                cstackCOMRAM                         46       46        F         1
                dataCOMRAM                            1        1       23         1
                bssCOMRAM                            24       24       22         1
                nvCOMRAM                             55       55        2         1

        CLASS   ABS1           

        CLASS   BIGRAM         

        CLASS   RAM            

        CLASS   BANK0          

        CLASS   BANK1          

        CLASS   BANK2          

        CLASS   BANK3          

        CLASS   BANK4          

        CLASS   BANK5          

        CLASS   BANK6          

        CLASS   BANK7          

        CLASS   BANK8          

        CLASS   BANK9          

        CLASS   BANK10         

        CLASS   BANK11         

        CLASS   BANK12         

        CLASS   BANK13         

        CLASS   BANK14         

        CLASS   BANK15         

        CLASS   SFR            

        CLASS   BIGSFR         

        CLASS   CONFIG         
                config                           300000   300000        E         4

        CLASS   IDLOC          

        CLASS   EEDATA         

        CLASS   FARRAM         

        CLASS   HEAP           

        CLASS   STACK          



SEGMENTS        Name                           Load    Length   Top    Selector   Space  Class

                reset_vec                      000000  000004  000004         0       0  CODE    
                dataCOMRAM                     000001  000057  000058         1       1  COMRAM  
                intcode                        000008  00000A  000012         4       0  CODE    
                smallconst                     001000  000016  001016       800       0  SMALLCON
                intcode_body                   001016  000913  001929       80B       0  CODE    
                text14                         00192A  00001C  001946       C95       0  CODE    


UNUSED ADDRESS RANGES

        Name                Unused          Largest block    Delta
        BANK0            000080-0000FF               80
        BANK1            000100-0001FF              100
        BANK10           000A00-000AFF              100
        BANK11           000B00-000BFF              100
        BANK12           000C00-000CFF              100
        BANK13           000D00-000DFF              100
        BANK14           000E00-000EFF              100
        BANK15           000F00-000F7F               80
        BANK2            000200-0002FF              100
        BANK3            000300-0003FF              100
        BANK4            000400-0004FF              100
        BANK5            000500-0005FF              100
        BANK6            000600-0006FF              100
        BANK7            000700-0007FF              100
        BANK8            000800-0008FF              100
        BANK9            000900-0009FF              100
        BIGRAM           000058-000F7F              F28
        BIGSFR           000F80-000FFF               80
        CODE             000004-000007                4
                         000012-000FFF              FEE
                         001929-001929                1
                         001946-00FFFF             E6BA
        COMRAM           000058-00007F               28
        CONST            000004-000007                4
                         000012-000FFF              FEE
                         001929-001929                1
                         001946-00FFFF             E6BA
        EEDATA           F00000-F003FF              400
        IDLOC            200000-200007                8
        MEDIUMCONST      001929-001929                1
                         001946-00FFFF             E6BA
        RAM              000080-000F7F              100
        SFR              000F80-000FFF               80
        SMALLCONST       001929-001929                1
                         001946-00FFFF              100

                                  Symbol Table

EEPROM_Data_Read_Byte@address           cstackCOMRAM 000046
EEPROM_Data_Read_Byte@ret               cstackCOMRAM 000049
EEPROM_Data_Read_Byte@return_data       cstackCOMRAM 000048
EEPROM_Data_Write_Byte@address          cstackCOMRAM 000046
EEPROM_Data_Write_Byte@data             cstackCOMRAM 000048
EEPROM_Data_Write_Byte@interrupt_status cstackCOMRAM 000049
_EEADR                                  (abs)        000FA9
_EEADRH                                 (abs)        000FAA
_EECON1bits                             (abs)        000FA6
_EECON2                                 (abs)        000FA7
_EEDATA                                 (abs)        000FA8
_EEPROM_Data_Read_Byte                  text11       00186C
_EEPROM_Data_Write_Byte                 text12       001826
_INT0_ISR                               text20       001942
_INT0_InterruptHandler                  bssCOMRAM    000030
_INT1_ISR                               text19       00193E
_INT1_InterruptHandler                  bssCOMRAM    00002E
_INT2_ISR                               text18       00193A
_INT2_InterruptHandler                  bssCOMRAM    00002C
_INTCON2bits                            (abs)        000FF1
_INTCON3bits                            (abs)        000FF0
_INTCONbits                             (abs)        000FF2
_Interrupt_Manager                      intcode      000008
_LATA                                   (abs)        000F89
_LATB                                   (abs)        000F8A
_LATC                                   (abs)        000F8B
_LATD                                   (abs)        000F8C
_LATE                                   (abs)        000F8D
_PORTA                                  (abs)        000F80
_PORTB                                  (abs)        000F81
_PORTBbits                              (abs)        000F81
_PORTC                                  (abs)        000F82
_PORTD                                  (abs)        000F83
_PORTE                                  (abs)        000F84
_RB4_ISR                                text17       001936
_RB4_InterruptHandler                   bssCOMRAM    00002A
_RB5_ISR                                text16       001932
_RB5_InterruptHandler                   bssCOMRAM    000028
_RB6_ISR                                text15       00192E
_RB6_InterruptHandler                   bssCOMRAM    000026
_RB7_ISR                                text14       00192A
_RB7_InterruptHandler                   bssCOMRAM    000024
_TRISA                                  (abs)        000F92
_TRISB                                  (abs)        000F93
_TRISC                                  (abs)        000F94
_TRISD                                  (abs)        000F95
_TRISE                                  (abs)        000F96
__HRAM                                  (abs)        000000
__H__absolute__                         __absolute__ 000000
__Habs1                                 abs1         000000
__Hbank0                                bank0        000000
__Hbank1                                bank1        000000
__Hbank10                               bank10       000000
__Hbank11                               bank11       000000
__Hbank12                               bank12       000000
__Hbank13                               bank13       000000
__Hbank14                               bank14       000000
__Hbank15                               bank15       000000
__Hbank2                                bank2        000000
__Hbank3                                bank3        000000
__Hbank4                                bank4        000000
__Hbank5                                bank5        000000
__Hbank6                                bank6        000000
__Hbank7                                bank7        000000
__Hbank8                                bank8        000000
__Hbank9                                bank9        000000
__Hbigbss                               bigbss       000000
__Hbigdata                              bigdata      000000
__Hbigram                               bigram       000000
__Hbigsfr                               bigsfr       000000
__Hbss                                  bss          000000
__HbssCOMRAM                            bssCOMRAM    000000
__Hcinit                                cinit        000000
__Hclrtext                              clrtext      000000
__Hcomram                               comram       000000
__Hconfig                               config       30000E
__Hconst                                const        000000
__HcstackCOMRAM                         cstackCOMRAM 000000
__Hdata                                 data         000000
__HdataCOMRAM                           dataCOMRAM   000000
__Heeprom_data                          eeprom_data  000000
__Hfarbss                               farbss       000000
__Hfardata                              fardata      000000
__Hheap                                 heap         000000
__Hibigdata                             ibigdata     000000
__Hidata                                idata        000000
__HidataCOMRAM                          idataCOMRAM  000000
__Hidloc                                idloc        000000
__Hifardata                             ifardata     000000
__Hinit                                 init         000012
__Hintcode                              intcode      00000E
__Hintcode_body                         intcode_body 000000
__Hintcodelo                            intcodelo    00000E
__Hintentry                             intentry     000000
__Hintret                               intret       000000
__Hintsave_regs                         intsave_regs 000000
__Hirdata                               irdata       000000
__Hmediumconst                          mediumconst  000000
__HnvCOMRAM                             nvCOMRAM     000000
__HnvFARRAM                             nvFARRAM     000000
__Hnvbit                                nvbit        000000
__Hnvrram                               nvrram       000000
__Hparam                                rparam       000000
__Hpowerup                              powerup      00000E
__Hram                                  ram          000000
__Hramtop                               ramtop       001000
__Hrbit                                 rbit         000000
__Hrbss                                 rbss         000000
__Hrdata                                rdata        000000
__Hreset_vec                            reset_vec    000004
__Hrparam                               rparam       000000
__Hsfr                                  sfr          000000
__Hsivt_hi                              sivt_hi      000000
__Hsivt_lo                              sivt_lo      000000
__Hsmallconst                           smallconst   001016
__Hspace_0                              (abs)        001946
__Hspace_1                              (abs)        000058
__Hspace_2                              (abs)        000000
__Hspace_4                              (abs)        60000E
__Hstack                                stack        000000
__Hstruct                               struct       000000
__Htemp                                 temp         000058
__Htext                                 text         000000
__Htext0                                text0        000000
__Htext1                                text1        000000
__Htext10                               text10       000000
__Htext11                               text11       000000
__Htext12                               text12       000000
__Htext14                               text14       000000
__Htext15                               text15       000000
__Htext16                               text16       000000
__Htext17                               text17       000000
__Htext18                               text18       000000
__Htext19                               text19       000000
__Htext2                                text2        000000
__Htext20                               text20       000000
__Htext3                                text3        000000
__Htext4                                text4        000000
__Htext5                                text5        000000
__Htext6                                text6        000000
__Htext7                                text7        000000
__Htext8                                text8        000000
__Htext9                                text9        000000
__LRAM                                  (abs)        000001
__L__absolute__                         __absolute__ 000000
__Labs1                                 abs1         000000
__Lbank0                                bank0        000000
__Lbank1                                bank1        000000
__Lbank10                               bank10       000000
__Lbank11                               bank11       000000
__Lbank12                               bank12       000000
__Lbank13                               bank13       000000
__Lbank14                               bank14       000000
__Lbank15                               bank15       000000
__Lbank2                                bank2        000000
__Lbank3                                bank3        000000
__Lbank4                                bank4        000000
__Lbank5                                bank5        000000
__Lbank6                                bank6        000000
__Lbank7                                bank7        000000
__Lbank8                                bank8        000000
__Lbank9                                bank9        000000
__Lbigbss                               bigbss       000000
__Lbigdata                              bigdata      000000
__Lbigram                               bigram       000000
__Lbigsfr                               bigsfr       000000
__Lbss                                  bss          000000
__LbssCOMRAM                            bssCOMRAM    000000
__Lcinit                                cinit        000000
__Lclrtext                              clrtext      000000
__Lcomram                               comram       000000
__Lconfig                               config       000000
__Lconst                                const        000000
__LcstackCOMRAM                         cstackCOMRAM 000000
__Ldata                                 data         000000
__LdataCOMRAM                           dataCOMRAM   000000
__Leeprom_data                          eeprom_data  000000
__Lfarbss                               farbss       000000
__Lfardata                              fardata      000000
__Lheap                                 heap         000000
__Libigdata                             ibigdata     000000
__Lidata                                idata        000000
__LidataCOMRAM                          idataCOMRAM  000000
__Lidloc                                idloc        000000
__Lifardata                             ifardata     000000
__Linit                                 init         00000E
__Lintcode                              intcode      000008
__Lintcode_body                         intcode_body 000000
__Lintcodelo                            intcodelo    00000E
__Lintentry                             intentry     000000
__Lintret                               intret       000000
__Lintsave_regs                         intsave_regs 000000
__Lirdata                               irdata       000000
__Lmediumconst                          mediumconst  000000
__LnvCOMRAM                             nvCOMRAM     000000
__LnvFARRAM                             nvFARRAM     000000
__Lnvbit                                nvbit        000000
__Lnvrram                               nvrram       000000
__Lparam                                rparam       000000
__Lpowerup                              powerup      00000E
__Lram                                  ram          000000
__Lramtop                               ramtop       001000
__Lrbit                                 rbit         000000
__Lrbss                                 rbss         000000
__Lrdata                                rdata        000000
__Lreset_vec                            reset_vec    000000
__Lrparam                               rparam       000000
__Lsfr                                  sfr          000000
__Lsivt_hi                              sivt_hi      000000
__Lsivt_lo                              sivt_lo      000000
__Lsmallconst                           smallconst   001000
__Lspace_0                              (abs)        000000
__Lspace_1                              (abs)        000000
__Lspace_2                              (abs)        000000
__Lspace_4                              (abs)        000000
__Lstack                                stack        000000
__Lstruct                               struct       000000
__Ltemp                                 temp         000057
__Ltext                                 text         000000
__Ltext0                                text0        000000
__Ltext1                                text1        000000
__Ltext10                               text10       000000
__Ltext11                               text11       000000
__Ltext12                               text12       000000
__Ltext14                               text14       000000
__Ltext15                               text15       000000
__Ltext16                               text16       000000
__Ltext17                               text17       000000
__Ltext18                               text18       000000
__Ltext19                               text19       000000
__Ltext2                                text2        000000
__Ltext20                               text20       000000
__Ltext3                                text3        000000
__Ltext4                                text4        000000
__Ltext5                                text5        000000
__Ltext6                                text6        000000
__Ltext7                                text7        000000
__Ltext8                                text8        000000
__Ltext9                                text9        000000
__S0                                    (abs)        001946
__S1                                    (abs)        000058
__S4                                    (abs)        000000
__S5                                    (abs)        000000
___heap_hi                              (abs)        000000
___heap_lo                              (abs)        000000
___inthi_sp                             stack        000000
___inthi_stack_hi                       stack        000000
___inthi_stack_lo                       stack        000000
___intlo_sp                             stack        000000
___intlo_stack_hi                       stack        000000
___intlo_stack_lo                       stack        000000
___param_bank                           (abs)        000000
___rparam_used                          (abs)        000001
___sp                                   stack        000000
___stack_hi                             stack        000000
___stack_lo                             stack        000000
__accesstop                             (abs)        000080
__activetblptr                          (abs)        000003
__end_of_EEPROM_Data_Read_Byte          text11       0018AA
__end_of_EEPROM_Data_Write_Byte         text12       00186C
__end_of_INT0_ISR                       text20       001946
__end_of_INT1_ISR                       text19       001942
__end_of_INT2_ISR                       text18       00193E
__end_of_Interrupt_Manager              intcode_body 00117C
__end_of_RB4_ISR                        text17       00193A
__end_of_RB5_ISR                        text16       001936
__end_of_RB6_ISR                        text15       001932
__end_of_RB7_ISR                        text14       00192E
__end_of__initialization                cinit        0018D6
__end_of_application_initializ          text3        001686
__end_of_ecu_button_init                text9        001906
__end_of_ecu_button_read_state          text1        00154C
__end_of_ecu_led_initializ              text6        0016F4
__end_of_ecu_led_turn_off               text5        0017C8
__end_of_ecu_led_turn_on                text4        00175E
__end_of_gpio_pin_Initialization        text7        001826
__end_of_gpio_pin_direction_init        text10       00128E
__end_of_gpio_pin_read_logic            text2        0015F0
__end_of_gpio_pin_write_logic           text8        00139E
__end_of_keypad_sampels                 smallconst   001011
__end_of_main                           text0        00149A
__initialization                        cinit        0018AA
__mediumconst                           mediumconst  000000
__pbssCOMRAM                            bssCOMRAM    000024
__pcinit                                cinit        0018AA
__pcstackCOMRAM                         cstackCOMRAM 000046
__pdataCOMRAM                           dataCOMRAM   000001
__pidataCOMRAM                          idataCOMRAM  001906
__pintcode                              intcode      000008
__pintcode_body                         intcode_body 001016
__pnvCOMRAM                             nvCOMRAM     000055
__psmallconst                           smallconst   001000
__ptext0                                text0        00139E
__ptext1                                text1        00149A
__ptext10                               text10       00117C
__ptext11                               text11       00186C
__ptext12                               text12       001826
__ptext14                               text14       00192A
__ptext15                               text15       00192E
__ptext16                               text16       001932
__ptext17                               text17       001936
__ptext18                               text18       00193A
__ptext19                               text19       00193E
__ptext2                                text2        00154C
__ptext20                               text20       001942
__ptext3                                text3        0015F0
__ptext4                                text4        0016F4
__ptext5                                text5        00175E
__ptext6                                text6        001686
__ptext7                                text7        0017C8
__ptext8                                text8        00128E
__ptext9                                text9        0018E0
__ramtop                                ramtop       001000
__smallconst                            smallconst   001000
_application_initializ                  text3        0015F0
_btn                                    dataCOMRAM   00001F
_btn_state                              bssCOMRAM    000044
_counter                                nvCOMRAM     000055
_ecu_button_init                        text9        0018E0
_ecu_button_read_state                  text1        00149A
_ecu_led_initializ                      text6        001686
_ecu_led_turn_off                       text5        00175E
_ecu_led_turn_on                        text4        0016F4
_gpio_pin_Initialization                text7        0017C8
_gpio_pin_direction_init                text10       00117C
_gpio_pin_read_logic                    text2        00154C
_gpio_pin_write_logic                   text8        00128E
_high_value                             bssCOMRAM    000033
_keypad_sampels                         smallconst   001001
_lat_registers                          dataCOMRAM   00000B
_led1                                   dataCOMRAM   000023
_led2                                   dataCOMRAM   000022
_main                                   text0        00139E
_port_registers                         dataCOMRAM   000001
_prev_btn_state                         bssCOMRAM    000032
_ret                                    nvCOMRAM     000056
_ret_data                               bssCOMRAM    000045
_tris_registers                         dataCOMRAM   000015
btemp                                   temp         000057
ecu_button_init@_button_config          cstackCOMRAM 00004D
ecu_button_init@ret                     cstackCOMRAM 00004E
ecu_button_read_state@_button_status    cstackCOMRAM 00004E
ecu_button_read_state@btn_config        cstackCOMRAM 00004D
ecu_button_read_state@pin_logic_status  cstackCOMRAM 000051
ecu_button_read_state@ret               cstackCOMRAM 000050
ecu_dc_motor_initializ@F3064            bssCOMRAM    000043
ecu_dc_motor_initializ@F3066            bssCOMRAM    000042
ecu_dc_motor_move_left@F3078            bssCOMRAM    00003F
ecu_dc_motor_move_left@F3080            bssCOMRAM    00003E
ecu_dc_motor_move_right@F3071           bssCOMRAM    000041
ecu_dc_motor_move_right@F3073           bssCOMRAM    000040
ecu_dc_motor_stop@F3085                 bssCOMRAM    00003D
ecu_dc_motor_stop@F3087                 bssCOMRAM    00003C
ecu_led_initializ@F3061                 bssCOMRAM    00003B
ecu_led_initializ@_led_config           cstackCOMRAM 000051
ecu_led_initializ@_pin_config           cstackCOMRAM 000054
ecu_led_initializ@ret                   cstackCOMRAM 000053
ecu_led_toggle@F3076                    bssCOMRAM    000038
ecu_led_turn_off@F3071                  bssCOMRAM    000039
ecu_led_turn_off@_led_config            cstackCOMRAM 00004E
ecu_led_turn_off@_pin_config            cstackCOMRAM 000050
ecu_led_turn_on@F3066                   bssCOMRAM    00003A
ecu_led_turn_on@_led_config             cstackCOMRAM 00004E
ecu_led_turn_on@_pin_config             cstackCOMRAM 000050
ecu_relay_initializ@F3061               bssCOMRAM    000037
ecu_relay_toggle@F3076                  bssCOMRAM    000034
ecu_relay_turn_off@F3071                bssCOMRAM    000035
ecu_relay_turn_on@F3066                 bssCOMRAM    000036
end_of_initialization                   cinit        0018D6
gpio_pin_Initialization@_pin_config     cstackCOMRAM 00004E
gpio_pin_Initialization@ret             cstackCOMRAM 000050
gpio_pin_direction_init@_pin_config     cstackCOMRAM 000046
gpio_pin_direction_init@ret             cstackCOMRAM 00004C
gpio_pin_read_logic@_pin_config         cstackCOMRAM 000046
gpio_pin_read_logic@logic               cstackCOMRAM 000047
gpio_pin_read_logic@ret                 cstackCOMRAM 00004C
gpio_pin_write_logic@_pin_config        cstackCOMRAM 000046
gpio_pin_write_logic@logic              cstackCOMRAM 000047
gpio_pin_write_logic@ret                cstackCOMRAM 00004D
int$flags                               temp         000057
int_func                                intcode_body 001016
intlevel0                               text         000000
intlevel1                               text         000000
intlevel2                               text         000000
intlevel3                               text         000000
isa$std                                 (abs)        000001
isa$xinst                               (abs)        000000
stackhi                                 (abs)        000000
stacklo                                 (abs)        000000
start                                   init         00000E
start_initialization                    cinit        0018AA
ttemp5                                  temp         000058
ttemp6                                  temp         00005B
ttemp7                                  temp         00005F
wtemp8                                  temp         000058


MODULE INFORMATION

Module		Function		Class		Link	Load	Size
ECU_layer/button/button.c
		_ecu_button_read_state		CODE           	149A	0000	178
		_ecu_button_init		CODE           	18E0	0000	38

ECU_layer/button/button.c estimated size: 216

MCAL_layer/EEPROM/eeprom.c
		_EEPROM_Data_Read_Byte		CODE           	186C	0000	62
		_EEPROM_Data_Write_Byte		CODE           	1826	0000	70

MCAL_layer/EEPROM/eeprom.c estimated size: 132

MCAL_layer/Interrupt/external_interrupt.c
		_RB4_ISR       		CODE           	1936	0000	4
		_RB5_ISR       		CODE           	1932	0000	4
		_RB6_ISR       		CODE           	192E	0000	4
		_RB7_ISR       		CODE           	192A	0000	4
		_INT0_ISR      		CODE           	1942	0000	4
		_INT1_ISR      		CODE           	193E	0000	4
		_INT2_ISR      		CODE           	193A	0000	4

MCAL_layer/Interrupt/external_interrupt.c estimated size: 28

MCAL_layer/Interrupt/interrupt_manager.c
		_Interrupt_Manager		CODE           	0008	0000	364

MCAL_layer/Interrupt/interrupt_manager.c estimated size: 364

shared
		__initialization		CODE           	18AA	0000	44
		_keypad_sampels		SMALLCONST     	1001	0000	16

shared estimated size: 60

ECU_layer/led/ecu_led.c
		_ecu_led_initializ		CODE           	1686	0000	110
		_ecu_led_turn_on		CODE           	16F4	0000	106
		_ecu_led_turn_off		CODE           	175E	0000	106

ECU_layer/led/ecu_led.c estimated size: 322

MCAL_layer/GPIO/gpio.c
		_gpio_pin_write_logic		CODE           	128E	0000	272
		_gpio_pin_direction_init		CODE           	117C	0000	274
		_gpio_pin_read_logic		CODE           	154C	0000	164
		_gpio_pin_Initialization		CODE           	17C8	0000	94

MCAL_layer/GPIO/gpio.c estimated size: 804

application.c
		_main          		CODE           	139E	0000	252
		_application_initializ		CODE           	15F0	0000	150

application.c estimated size: 402

